2026-08-06 14:11:24 [[31merror[39m]: Error connecting to MongoDB: connect ECONNREFUSED ::1:27017, connect ECONNREFUSED 127.0.0.1:27017
2026-08-06 14:26:30 [[32minfo[39m]: Connected to MongoDB successfully
2026-08-06 14:26:52 [[32minfo[39m]: Connected to MongoDB successfully
2026-08-06 14:27:53 [[32minfo[39m]: Connected to MongoDB successfully
2026-08-06 14:27:53 [[32minfo[39m]: Server running on port 5001
2026-08-06 14:50:01 [[32minfo[39m]: Connected to MongoDB successfully
2026-08-06 14:50:01 [[32minfo[39m]: Server running on port 5001
2026-08-06 14:50:19 [[31merror[39m]: [POST] /api/v1/auth/register >> StatusCode:: 500, Message:: Task validation failed: status: `InProgress` is not a valid enum value for path `status`.
2026-08-06 14:50:54 [[32minfo[39m]: Connected to MongoDB successfully
2026-08-06 14:50:54 [[32minfo[39m]: Server running on port 5001
2026-08-06 14:51:05 [[31merror[39m]: [POST] /api/v1/auth/register >> StatusCode:: 400, Message:: Email already in use
2026-08-06 14:56:47 [[32minfo[39m]: Connected to MongoDB successfully
2026-08-06 14:56:47 [[32minfo[39m]: Server running on port 5001
2026-08-06 14:59:11 [[32minfo[39m]: Connected to MongoDB successfully
2026-08-06 14:59:11 [[32minfo[39m]: Server running on port 5001
2026-08-06 15:00:17 [[32minfo[39m]: Connected to MongoDB successfully
2026-08-06 15:00:17 [[32minfo[39m]: Server running on port 5001
2026-08-06 15:01:15 [[32minfo[39m]: Connected to MongoDB successfully
2026-08-06 15:01:15 [[32minfo[39m]: Server running on port 5001
2026-08-06 15:07:03 [[32minfo[39m]: Connected to MongoDB successfully
2026-08-06 15:07:03 [[32minfo[39m]: Server running on port 5001
2026-08-06 15:07:46 [[32minfo[39m]: Connected to MongoDB successfully
2026-08-06 15:07:46 [[32minfo[39m]: Server running on port 5001
2026-08-06 15:11:20 [[32minfo[39m]: Connected to MongoDB successfully
2026-08-06 15:11:20 [[32minfo[39m]: Server running on port 5001
2026-08-06 15:12:36 [[32minfo[39m]: Connected to MongoDB successfully
2026-08-06 15:12:36 [[32minfo[39m]: Server running on port 5001
